line 1:0 token recognition error at: 'c'
line 1:1 token recognition error at: 'l'
line 1:2 token recognition error at: 'a'
line 1:3 token recognition error at: 's'
line 1:4 token recognition error at: 's'
line 1:6 token recognition error at: 'A'
line 1:8 token recognition error at: '{'
line 1:9 token recognition error at: '}'
line 1:10 token recognition error at: ';'
line 3:0 token recognition error at: 'c'
line 3:1 token recognition error at: 'l'
line 3:2 token recognition error at: 'a'
line 3:3 token recognition error at: 's'
line 3:4 token recognition error at: 's'
line 3:6 token recognition error at: 'B'
line 3:8 token recognition error at: 'i'
line 3:9 token recognition error at: 'n'
line 3:10 token recognition error at: 'h'
line 3:11 token recognition error at: 'e'
line 3:12 token recognition error at: 'r'
line 3:13 token recognition error at: 'i'
line 3:14 token recognition error at: 't'
line 3:15 token recognition error at: 's'
line 3:17 token recognition error at: 'A'
line 3:19 token recognition error at: '{'
line 3:20 token recognition error at: '}'
line 3:21 token recognition error at: ';'
