line 1:0 token recognition error at: 'c'
line 1:1 token recognition error at: 'l'
line 1:2 token recognition error at: 'a'
line 1:3 token recognition error at: 's'
line 1:4 token recognition error at: 's'
line 1:6 token recognition error at: 'A'
line 1:8 token recognition error at: '{'
line 2:4 token recognition error at: 'x'
line 2:6 token recognition error at: ':'
line 2:8 token recognition error at: 'S'
line 2:9 token recognition error at: 'E'
line 2:10 token recognition error at: 'L'
line 2:11 token recognition error at: 'F'
line 2:12 token recognition error at: '_'
line 2:13 token recognition error at: 'T'
line 2:14 token recognition error at: 'Y'
line 2:15 token recognition error at: 'P'
line 2:16 token recognition error at: 'E'
line 2:17 token recognition error at: ';'
line 3:0 token recognition error at: '}'
line 3:1 token recognition error at: ';'
line 5:0 token recognition error at: 'c'
line 5:1 token recognition error at: 'l'
line 5:2 token recognition error at: 'a'
line 5:3 token recognition error at: 's'
line 5:4 token recognition error at: 's'
line 5:6 token recognition error at: 'B'
line 5:8 token recognition error at: 'i'
line 5:9 token recognition error at: 'n'
line 5:10 token recognition error at: 'h'
line 5:11 token recognition error at: 'e'
line 5:12 token recognition error at: 'r'
line 5:13 token recognition error at: 'i'
line 5:14 token recognition error at: 't'
line 5:15 token recognition error at: 's'
line 5:17 token recognition error at: 'A'
line 5:19 token recognition error at: '{'
line 6:4 token recognition error at: 'y'
line 6:6 token recognition error at: ':'
line 6:8 token recognition error at: 'I'
line 6:9 token recognition error at: 'n'
line 6:10 token recognition error at: 't'
line 6:11 token recognition error at: ';'
line 7:0 token recognition error at: '}'
line 7:1 token recognition error at: ';'
