line 1:0 token recognition error at: 'c'
line 1:1 token recognition error at: 'l'
line 1:2 token recognition error at: 'a'
line 1:3 token recognition error at: 's'
line 1:4 token recognition error at: 's'
line 1:6 token recognition error at: 'A'
line 1:8 token recognition error at: '{'
line 2:4 token recognition error at: 'x'
line 2:6 token recognition error at: ':'
line 2:8 token recognition error at: 'S'
line 2:9 token recognition error at: 'E'
line 2:10 token recognition error at: 'L'
line 2:11 token recognition error at: 'F'
line 2:12 token recognition error at: '_'
line 2:13 token recognition error at: 'T'
line 2:14 token recognition error at: 'Y'
line 2:15 token recognition error at: 'P'
line 2:16 token recognition error at: 'E'
line 2:17 token recognition error at: ';'
line 4:4 token recognition error at: 'f'
line 4:5 token recognition error at: '('
line 4:6 token recognition error at: ')'
line 4:8 token recognition error at: ':'
line 4:10 token recognition error at: 'O'
line 4:11 token recognition error at: 'b'
line 4:12 token recognition error at: 'j'
line 4:13 token recognition error at: 'e'
line 4:14 token recognition error at: 'c'
line 4:15 token recognition error at: 't'
line 4:17 token recognition error at: '{'
line 4:19 token recognition error at: '0'
line 4:21 token recognition error at: '}'
line 4:22 token recognition error at: ';'
line 5:0 token recognition error at: '}'
line 5:1 token recognition error at: ';'
line 7:0 token recognition error at: 'c'
line 7:1 token recognition error at: 'l'
line 7:2 token recognition error at: 'a'
line 7:3 token recognition error at: 's'
line 7:4 token recognition error at: 's'
line 7:6 token recognition error at: 'B'
line 7:8 token recognition error at: 'i'
line 7:9 token recognition error at: 'n'
line 7:10 token recognition error at: 'h'
line 7:11 token recognition error at: 'e'
line 7:12 token recognition error at: 'r'
line 7:13 token recognition error at: 'i'
line 7:14 token recognition error at: 't'
line 7:15 token recognition error at: 's'
line 7:17 token recognition error at: 'A'
line 7:19 token recognition error at: '{'
line 8:4 token recognition error at: 'y'
line 8:6 token recognition error at: ':'
line 8:8 token recognition error at: 'I'
line 8:9 token recognition error at: 'n'
line 8:10 token recognition error at: 't'
line 8:12 token recognition error at: '<'
line 8:13 token recognition error at: '-'
line 8:15 token recognition error at: '0'
line 8:16 token recognition error at: ';'
line 10:4 token recognition error at: 'g'
line 10:5 token recognition error at: '('
line 10:6 token recognition error at: 'x'
line 10:8 token recognition error at: ':'
line 10:10 token recognition error at: 'I'
line 10:11 token recognition error at: 'n'
line 10:12 token recognition error at: 't'
line 10:13 token recognition error at: ','
line 10:15 token recognition error at: 'y'
line 10:17 token recognition error at: ':'
line 10:19 token recognition error at: 'B'
line 10:20 token recognition error at: 'o'
line 10:21 token recognition error at: 'o'
line 10:22 token recognition error at: 'l'
line 10:23 token recognition error at: ')'
line 10:25 token recognition error at: ':'
line 10:27 token recognition error at: 'I'
line 10:28 token recognition error at: 'n'
line 10:29 token recognition error at: 't'
line 10:31 token recognition error at: '{'
line 10:33 token recognition error at: '0'
line 10:35 token recognition error at: '}'
line 10:36 token recognition error at: ';'
line 11:0 token recognition error at: '}'
line 11:1 token recognition error at: ';'
