line 1:0 token recognition error at: 'c'
line 1:1 token recognition error at: 'l'
line 1:2 token recognition error at: 'a'
line 1:3 token recognition error at: 's'
line 1:4 token recognition error at: 's'
line 1:6 token recognition error at: 'A'
line 1:8 token recognition error at: '{'
line 2:4 token recognition error at: 'n'
line 2:6 token recognition error at: ':'
line 2:8 token recognition error at: 'I'
line 2:9 token recognition error at: 'n'
line 2:10 token recognition error at: 't'
line 2:12 token recognition error at: '<'
line 2:13 token recognition error at: '-'
line 2:15 token recognition error at: '0'
line 2:16 token recognition error at: ';'
line 3:4 token recognition error at: 's'
line 3:6 token recognition error at: ':'
line 3:8 token recognition error at: 'S'
line 3:9 token recognition error at: 't'
line 3:10 token recognition error at: 'r'
line 3:11 token recognition error at: 'i'
line 3:12 token recognition error at: 'n'
line 3:13 token recognition error at: 'g'
line 3:15 token recognition error at: '<'
line 3:16 token recognition error at: '-'
line 3:18 token recognition error at: '"'
line 3:19 token recognition error at: 'a'
line 3:20 token recognition error at: 'b'
line 3:21 token recognition error at: 'c'
line 3:22 token recognition error at: '"'
line 3:23 token recognition error at: ';'
line 4:4 token recognition error at: 'b'
line 4:6 token recognition error at: ':'
line 4:8 token recognition error at: 'B'
line 4:9 token recognition error at: 'o'
line 4:10 token recognition error at: 'o'
line 4:11 token recognition error at: 'l'
line 4:13 token recognition error at: '<'
line 4:14 token recognition error at: '-'
line 4:16 token recognition error at: 'f'
line 4:17 token recognition error at: 'a'
line 4:18 token recognition error at: 'l'
line 4:19 token recognition error at: 's'
line 4:20 token recognition error at: 'e'
line 4:21 token recognition error at: ';'
line 5:4 token recognition error at: 'c'
line 5:6 token recognition error at: ':'
line 5:8 token recognition error at: 'B'
line 5:9 token recognition error at: 'o'
line 5:10 token recognition error at: 'o'
line 5:11 token recognition error at: 'l'
line 5:13 token recognition error at: '<'
line 5:14 token recognition error at: '-'
line 5:16 token recognition error at: 'b'
line 5:17 token recognition error at: ';'
line 6:0 token recognition error at: '}'
line 6:1 token recognition error at: ';'
