line 1:0 token recognition error at: 'c'
line 1:1 token recognition error at: 'l'
line 1:2 token recognition error at: 'a'
line 1:3 token recognition error at: 's'
line 1:4 token recognition error at: 's'
line 1:6 token recognition error at: 'A'
line 1:8 token recognition error at: '{'
line 2:4 token recognition error at: 'n'
line 2:6 token recognition error at: ':'
line 2:8 token recognition error at: 'I'
line 2:9 token recognition error at: 'n'
line 2:10 token recognition error at: 't'
line 2:12 token recognition error at: '<'
line 2:13 token recognition error at: '-'
line 2:15 token recognition error at: '1'
line 2:17 token recognition error at: '+'
line 2:19 token recognition error at: '2'
line 2:21 token recognition error at: '*'
line 2:23 token recognition error at: '('
line 2:24 token recognition error at: '3'
line 2:26 token recognition error at: '+'
line 2:28 token recognition error at: '4'
line 2:29 token recognition error at: ')'
line 2:31 token recognition error at: '/'
line 2:33 token recognition error at: '('
line 2:34 token recognition error at: '5'
line 2:36 token recognition error at: '-'
line 2:38 token recognition error at: '~'
line 2:39 token recognition error at: '6'
line 2:40 token recognition error at: ')'
line 2:41 token recognition error at: ';'
line 3:0 token recognition error at: '}'
line 3:1 token recognition error at: ';'
