line 1:0 token recognition error at: 'c'
line 1:1 token recognition error at: 'l'
line 1:2 token recognition error at: 'a'
line 1:3 token recognition error at: 's'
line 1:4 token recognition error at: 's'
line 1:6 token recognition error at: 'A'
line 1:8 token recognition error at: '{'
line 2:4 token recognition error at: 'n'
line 2:6 token recognition error at: ':'
line 2:8 token recognition error at: 'I'
line 2:9 token recognition error at: 'n'
line 2:10 token recognition error at: 't'
line 2:11 token recognition error at: ';'
line 3:4 token recognition error at: 'b'
line 3:6 token recognition error at: ':'
line 3:8 token recognition error at: 'B'
line 3:9 token recognition error at: 'o'
line 3:10 token recognition error at: 'o'
line 3:11 token recognition error at: 'l'
line 3:13 token recognition error at: '<'
line 3:14 token recognition error at: '-'
line 3:16 token recognition error at: 'n'
line 3:17 token recognition error at: 'o'
line 3:18 token recognition error at: 't'
line 3:20 token recognition error at: '2'
line 3:22 token recognition error at: '<'
line 3:23 token recognition error at: '='
line 3:25 token recognition error at: 'n'
line 3:26 token recognition error at: ';'
line 4:4 token recognition error at: 'c'
line 4:6 token recognition error at: ':'
line 4:8 token recognition error at: 'B'
line 4:9 token recognition error at: 'o'
line 4:10 token recognition error at: 'o'
line 4:11 token recognition error at: 'l'
line 4:13 token recognition error at: '<'
line 4:14 token recognition error at: '-'
line 4:16 token recognition error at: '2'
line 4:18 token recognition error at: '<'
line 4:20 token recognition error at: 'n'
line 4:22 token recognition error at: '+'
line 4:24 token recognition error at: '1'
line 4:26 token recognition error at: '='
line 4:28 token recognition error at: 'f'
line 4:29 token recognition error at: 'a'
line 4:30 token recognition error at: 'l'
line 4:31 token recognition error at: 's'
line 4:32 token recognition error at: 'e'
line 4:33 token recognition error at: ';'
line 5:0 token recognition error at: '}'
line 5:1 token recognition error at: ';'
