line 1:0 token recognition error at: 'c'
line 1:1 token recognition error at: 'l'
line 1:2 token recognition error at: 'a'
line 1:3 token recognition error at: 's'
line 1:4 token recognition error at: 's'
line 1:6 token recognition error at: 'A'
line 1:8 token recognition error at: '{'
line 2:4 token recognition error at: 'f'
line 2:5 token recognition error at: '('
line 2:6 token recognition error at: ')'
line 2:8 token recognition error at: ':'
line 2:10 token recognition error at: 'B'
line 2:11 token recognition error at: 'o'
line 2:12 token recognition error at: 'o'
line 2:13 token recognition error at: 'l'
line 2:15 token recognition error at: '{'
line 3:8 token recognition error at: 'n'
line 3:9 token recognition error at: 'o'
line 3:10 token recognition error at: 't'
line 3:12 token recognition error at: 'i'
line 3:13 token recognition error at: 's'
line 3:14 token recognition error at: 'v'
line 3:15 token recognition error at: 'o'
line 3:16 token recognition error at: 'i'
line 3:17 token recognition error at: 'd'
line 3:19 token recognition error at: 'n'
line 3:20 token recognition error at: 'e'
line 3:21 token recognition error at: 'w'
line 3:23 token recognition error at: 'A'
line 4:4 token recognition error at: '}'
line 4:5 token recognition error at: ';'
line 5:0 token recognition error at: '}'
line 5:1 token recognition error at: ';'
