line 1:0 token recognition error at: 'c'
line 1:1 token recognition error at: 'l'
line 1:2 token recognition error at: 'a'
line 1:3 token recognition error at: 's'
line 1:4 token recognition error at: 's'
line 1:6 token recognition error at: 'A'
line 1:8 token recognition error at: '{'
line 2:4 token recognition error at: 'f'
line 2:5 token recognition error at: '('
line 2:6 token recognition error at: 'x'
line 2:8 token recognition error at: ':'
line 2:10 token recognition error at: 'I'
line 2:11 token recognition error at: 'n'
line 2:12 token recognition error at: 't'
line 2:13 token recognition error at: ')'
line 2:15 token recognition error at: ':'
line 2:17 token recognition error at: 'B'
line 2:18 token recognition error at: 'o'
line 2:19 token recognition error at: 'o'
line 2:20 token recognition error at: 'l'
line 2:22 token recognition error at: '{'
line 3:8 token recognition error at: 'f'
line 3:9 token recognition error at: '('
line 3:10 token recognition error at: 'x'
line 3:12 token recognition error at: '+'
line 3:14 token recognition error at: '1'
line 3:15 token recognition error at: ')'
line 4:4 token recognition error at: '}'
line 4:5 token recognition error at: ';'
line 6:4 token recognition error at: 'g'
line 6:5 token recognition error at: '('
line 6:6 token recognition error at: 'x'
line 6:8 token recognition error at: ':'
line 6:10 token recognition error at: 'I'
line 6:11 token recognition error at: 'n'
line 6:12 token recognition error at: 't'
line 6:13 token recognition error at: ','
line 6:15 token recognition error at: 'y'
line 6:17 token recognition error at: ':'
line 6:19 token recognition error at: 'I'
line 6:20 token recognition error at: 'n'
line 6:21 token recognition error at: 't'
line 6:22 token recognition error at: ')'
line 6:24 token recognition error at: ':'
line 6:26 token recognition error at: 'B'
line 6:27 token recognition error at: 'o'
line 6:28 token recognition error at: 'o'
line 6:29 token recognition error at: 'l'
line 6:31 token recognition error at: '{'
line 7:8 token recognition error at: 's'
line 7:9 token recognition error at: 'e'
line 7:10 token recognition error at: 'l'
line 7:11 token recognition error at: 'f'
line 7:12 token recognition error at: '.'
line 7:13 token recognition error at: 'g'
line 7:14 token recognition error at: '('
line 7:15 token recognition error at: 'x'
line 7:17 token recognition error at: '+'
line 7:19 token recognition error at: '1'
line 7:20 token recognition error at: ','
line 7:22 token recognition error at: 'y'
line 7:24 token recognition error at: '+'
line 7:26 token recognition error at: '1'
line 7:27 token recognition error at: ')'
line 8:4 token recognition error at: '}'
line 8:5 token recognition error at: ';'
line 10:4 token recognition error at: 'h'
line 10:5 token recognition error at: '('
line 10:6 token recognition error at: 'x'
line 10:8 token recognition error at: ':'
line 10:10 token recognition error at: 'I'
line 10:11 token recognition error at: 'n'
line 10:12 token recognition error at: 't'
line 10:13 token recognition error at: ')'
line 10:15 token recognition error at: ':'
line 10:17 token recognition error at: 'A'
line 10:19 token recognition error at: '{'
line 11:8 token recognition error at: 'n'
line 11:9 token recognition error at: 'e'
line 11:10 token recognition error at: 'w'
line 11:12 token recognition error at: 'A'
line 11:13 token recognition error at: '@'
line 11:14 token recognition error at: 'A'
line 11:15 token recognition error at: '.'
line 11:16 token recognition error at: 'h'
line 11:17 token recognition error at: '('
line 11:18 token recognition error at: 'x'
line 11:20 token recognition error at: '+'
line 11:22 token recognition error at: '1'
line 11:23 token recognition error at: ')'
line 11:24 token recognition error at: '.'
line 11:25 token recognition error at: 'h'
line 11:26 token recognition error at: '('
line 11:27 token recognition error at: 'x'
line 11:29 token recognition error at: '+'
line 11:31 token recognition error at: '2'
line 11:32 token recognition error at: ')'
line 12:4 token recognition error at: '}'
line 12:5 token recognition error at: ';'
line 13:0 token recognition error at: '}'
line 13:1 token recognition error at: ';'
