line 1:0 token recognition error at: 'c'
line 1:1 token recognition error at: 'l'
line 1:2 token recognition error at: 'a'
line 1:3 token recognition error at: 's'
line 1:4 token recognition error at: 's'
line 1:6 token recognition error at: 'A'
line 1:8 token recognition error at: '{'
line 2:4 token recognition error at: 'f'
line 2:5 token recognition error at: '('
line 2:6 token recognition error at: 'x'
line 2:8 token recognition error at: ':'
line 2:10 token recognition error at: 'O'
line 2:11 token recognition error at: 'b'
line 2:12 token recognition error at: 'j'
line 2:13 token recognition error at: 'e'
line 2:14 token recognition error at: 'c'
line 2:15 token recognition error at: 't'
line 2:16 token recognition error at: ')'
line 2:18 token recognition error at: ':'
line 2:20 token recognition error at: 'S'
line 2:21 token recognition error at: 't'
line 2:22 token recognition error at: 'r'
line 2:23 token recognition error at: 'i'
line 2:24 token recognition error at: 'n'
line 2:25 token recognition error at: 'g'
line 2:27 token recognition error at: '{'
line 3:8 token recognition error at: 'c'
line 3:9 token recognition error at: 'a'
line 3:10 token recognition error at: 's'
line 3:11 token recognition error at: 'e'
line 3:13 token recognition error at: 'x'
line 3:15 token recognition error at: 'o'
line 3:16 token recognition error at: 'f'
line 4:12 token recognition error at: 's'
line 4:14 token recognition error at: ':'
line 4:16 token recognition error at: 'S'
line 4:17 token recognition error at: 't'
line 4:18 token recognition error at: 'r'
line 4:19 token recognition error at: 'i'
line 4:20 token recognition error at: 'n'
line 4:21 token recognition error at: 'g'
line 4:23 token recognition error at: '='
line 4:24 token recognition error at: '>'
line 4:26 token recognition error at: '"'
line 4:27 token recognition error at: 'S'
line 4:28 token recognition error at: 't'
line 4:29 token recognition error at: 'r'
line 4:30 token recognition error at: 'i'
line 4:31 token recognition error at: 'n'
line 4:32 token recognition error at: 'g'
line 4:33 token recognition error at: '"'
line 4:34 token recognition error at: ';'
line 5:12 token recognition error at: 'i'
line 5:14 token recognition error at: ':'
line 5:16 token recognition error at: 'I'
line 5:17 token recognition error at: 'n'
line 5:18 token recognition error at: 't'
line 5:23 token recognition error at: '='
line 5:24 token recognition error at: '>'
line 5:26 token recognition error at: '"'
line 5:27 token recognition error at: 'I'
line 5:28 token recognition error at: 'n'
line 5:29 token recognition error at: 't'
line 5:30 token recognition error at: '"'
line 5:31 token recognition error at: ';'
line 6:12 token recognition error at: 'o'
line 6:14 token recognition error at: ':'
line 6:16 token recognition error at: 'O'
line 6:17 token recognition error at: 'b'
line 6:18 token recognition error at: 'j'
line 6:19 token recognition error at: 'e'
line 6:20 token recognition error at: 'c'
line 6:21 token recognition error at: 't'
line 6:23 token recognition error at: '='
line 6:24 token recognition error at: '>'
line 6:26 token recognition error at: '"'
line 6:27 token recognition error at: 'O'
line 6:28 token recognition error at: 'o'
line 6:29 token recognition error at: 'p'
line 6:30 token recognition error at: 's'
line 6:31 token recognition error at: '"'
line 6:32 token recognition error at: ';'
line 7:8 token recognition error at: 'e'
line 7:9 token recognition error at: 's'
line 7:10 token recognition error at: 'a'
line 7:11 token recognition error at: 'c'
line 8:4 token recognition error at: '}'
line 8:5 token recognition error at: ';'
line 9:0 token recognition error at: '}'
line 9:1 token recognition error at: ';'
