line 1:0 token recognition error at: 'c'
line 1:1 token recognition error at: 'l'
line 1:2 token recognition error at: 'a'
line 1:3 token recognition error at: 's'
line 1:4 token recognition error at: 's'
line 1:6 token recognition error at: 'A'
line 1:8 token recognition error at: '{'
line 2:4 token recognition error at: 'f'
line 2:5 token recognition error at: '('
line 2:6 token recognition error at: 'x'
line 2:8 token recognition error at: ':'
line 2:10 token recognition error at: 'I'
line 2:11 token recognition error at: 'n'
line 2:12 token recognition error at: 't'
line 2:13 token recognition error at: ')'
line 2:15 token recognition error at: ':'
line 2:17 token recognition error at: 'S'
line 2:18 token recognition error at: 't'
line 2:19 token recognition error at: 'r'
line 2:20 token recognition error at: 'i'
line 2:21 token recognition error at: 'n'
line 2:22 token recognition error at: 'g'
line 2:24 token recognition error at: '{'
line 3:8 token recognition error at: '{'
line 4:12 token recognition error at: 'x'
line 4:14 token recognition error at: '<'
line 4:15 token recognition error at: '-'
line 4:17 token recognition error at: 'x'
line 4:19 token recognition error at: '+'
line 4:21 token recognition error at: '1'
line 4:22 token recognition error at: ';'
line 5:12 token recognition error at: '"'
line 5:13 token recognition error at: 'D'
line 5:14 token recognition error at: 'o'
line 5:15 token recognition error at: 'n'
line 5:16 token recognition error at: 'e'
line 5:17 token recognition error at: '!'
line 5:18 token recognition error at: '"'
line 5:19 token recognition error at: ';'
line 6:8 token recognition error at: '}'
line 7:4 token recognition error at: '}'
line 7:5 token recognition error at: ';'
line 8:0 token recognition error at: '}'
line 8:1 token recognition error at: ';'
