line 1:0 token recognition error at: 'c'
line 1:1 token recognition error at: 'l'
line 1:2 token recognition error at: 'a'
line 1:3 token recognition error at: 's'
line 1:4 token recognition error at: 's'
line 1:6 token recognition error at: 'A'
line 1:8 token recognition error at: '{'
line 2:4 token recognition error at: 's'
line 2:5 token recognition error at: '1'
line 2:7 token recognition error at: ':'
line 2:9 token recognition error at: 'S'
line 2:10 token recognition error at: 't'
line 2:11 token recognition error at: 'r'
line 2:12 token recognition error at: 'i'
line 2:13 token recognition error at: 'n'
line 2:14 token recognition error at: 'g'
line 2:16 token recognition error at: '<'
line 2:17 token recognition error at: '-'
line 2:19 token recognition error at: '"'
line 2:20 token recognition error at: 'a'
line 2:21 token recognition error at: 'b'
line 2:22 token recognition error at: '\'
line 2:23 token recognition error at: 't'
line 2:24 token recognition error at: 'c'
line 2:25 token recognition error at: 'd'
line 2:26 token recognition error at: '"'
line 2:27 token recognition error at: ';'
line 3:4 token recognition error at: 's'
line 3:5 token recognition error at: '2'
line 3:7 token recognition error at: ':'
line 3:9 token recognition error at: 'S'
line 3:10 token recognition error at: 't'
line 3:11 token recognition error at: 'r'
line 3:12 token recognition error at: 'i'
line 3:13 token recognition error at: 'n'
line 3:14 token recognition error at: 'g'
line 3:16 token recognition error at: '<'
line 3:17 token recognition error at: '-'
line 3:19 token recognition error at: '"'
line 3:20 token recognition error at: 'a'
line 3:21 token recognition error at: 'b'
line 3:22 token recognition error at: '\'
line 3:23 token recognition error at: 'n'
line 3:24 token recognition error at: 'c'
line 3:25 token recognition error at: 'd'
line 3:26 token recognition error at: '"'
line 3:27 token recognition error at: ';'
line 4:4 token recognition error at: 's'
line 4:5 token recognition error at: '3'
line 4:7 token recognition error at: ':'
line 4:9 token recognition error at: 'S'
line 4:10 token recognition error at: 't'
line 4:11 token recognition error at: 'r'
line 4:12 token recognition error at: 'i'
line 4:13 token recognition error at: 'n'
line 4:14 token recognition error at: 'g'
line 4:16 token recognition error at: '<'
line 4:17 token recognition error at: '-'
line 4:19 token recognition error at: '"'
line 4:20 token recognition error at: 'a'
line 4:21 token recognition error at: 'b'
line 4:22 token recognition error at: '\'
line 5:0 token recognition error at: 'c'
line 5:1 token recognition error at: 'd'
line 5:2 token recognition error at: '"'
line 5:3 token recognition error at: ';'
line 6:4 token recognition error at: 's'
line 6:5 token recognition error at: '4'
line 6:7 token recognition error at: ':'
line 6:9 token recognition error at: 'S'
line 6:10 token recognition error at: 't'
line 6:11 token recognition error at: 'r'
line 6:12 token recognition error at: 'i'
line 6:13 token recognition error at: 'n'
line 6:14 token recognition error at: 'g'
line 6:16 token recognition error at: '<'
line 6:17 token recognition error at: '-'
line 6:19 token recognition error at: '"'
line 6:20 token recognition error at: 'a'
line 6:21 token recognition error at: 'b'
line 6:22 token recognition error at: '\'
line 6:23 token recognition error at: '\'
line 6:24 token recognition error at: 'c'
line 6:25 token recognition error at: 'd'
line 6:26 token recognition error at: '"'
line 6:27 token recognition error at: ';'
line 7:4 token recognition error at: 's'
line 7:5 token recognition error at: '5'
line 7:7 token recognition error at: ':'
line 7:9 token recognition error at: 'S'
line 7:10 token recognition error at: 't'
line 7:11 token recognition error at: 'r'
line 7:12 token recognition error at: 'i'
line 7:13 token recognition error at: 'n'
line 7:14 token recognition error at: 'g'
line 7:16 token recognition error at: '<'
line 7:17 token recognition error at: '-'
line 7:19 token recognition error at: '"'
line 7:20 token recognition error at: 'a'
line 7:21 token recognition error at: 'b'
line 7:22 token recognition error at: '\'
line 7:23 token recognition error at: 'z'
line 7:24 token recognition error at: 'c'
line 7:25 token recognition error at: 'd'
line 7:26 token recognition error at: '"'
line 7:27 token recognition error at: ';'
line 8:0 token recognition error at: '}'
line 8:1 token recognition error at: ';'
