line 1:0 token recognition error at: 'c'
line 1:1 token recognition error at: 'l'
line 1:2 token recognition error at: 'a'
line 1:3 token recognition error at: 's'
line 1:4 token recognition error at: 's'
line 1:6 token recognition error at: 'A'
line 1:8 token recognition error at: '{'
line 2:4 token recognition error at: '*'
line 2:5 token recognition error at: ')'
line 4:4 token recognition error at: 'x'
line 4:6 token recognition error at: ':'
line 4:8 token recognition error at: 'I'
line 4:9 token recognition error at: 'n'
line 4:10 token recognition error at: 't'
line 4:11 token recognition error at: ';'
line 6:4 token recognition error at: '('
line 6:5 token recognition error at: '*'
line 6:7 token recognition error at: 's'
line 6:8 token recognition error at: 'o'
line 6:9 token recognition error at: 'm'
line 6:10 token recognition error at: 'e'
line 6:12 token recognition error at: '('
line 6:13 token recognition error at: '*'
line 6:15 token recognition error at: 'c'
line 6:16 token recognition error at: 'o'
line 6:17 token recognition error at: 'm'
line 6:18 token recognition error at: 'm'
line 6:19 token recognition error at: 'e'
line 6:20 token recognition error at: 'n'
line 6:21 token recognition error at: 't'
line 6:23 token recognition error at: '*'
line 6:24 token recognition error at: ')'
line 7:0 token recognition error at: '}'
line 7:1 token recognition error at: ';'
